Open Watcom Linker Version 2.0 beta Sep  3 2024 02:05:05 (32-bit)
Copyright (c) 2002-2024 The Open Watcom Contributors. All Rights Reserved.
Portions Copyright (c) 1985-2002 Sybase, Inc. All Rights Reserved.
Created on:       26/08/07 23:02:40
Executable Image: realgb.exe
creating a DOS executable


                        +------------+
                        |   Groups   |
                        +------------+

Group                           Address              Size
=====                           =======              ====

DGROUP                          2000:0000            00000000



                        +--------------+
                        |   Segments   |
                        +--------------+

Segment                Class          Group          Address         Size
=======                =====          =====          =======         ====

GB_INIT_TEXT           CODE           AUTO           0000:0000       00000000
GB_CORE1_TEXT          CODE           AUTO           0000:0000       00000000
CORE1                  CODE           AUTO           0000:0000       00010000
GB_CORE2_TEXT          CODE           AUTO           1000:0000       00000000
CORE2                  CODE           AUTO           1000:0000       00010000
_DATA                  DATA           DGROUP         2000:0000       00000000
CORE1                                 AUTO           2000:0000       00000000
CORE2                                 AUTO           2000:0000       00000000
INIT                                  AUTO           2000:0000       00000000
CORE2                                 AUTO           2000:0000       00000000
CORE1                                 AUTO           2000:0000       00000000
INIT                   STACK          AUTO           2000:0000       00000400


                        +----------------+
                        |   Memory Map   |
                        +----------------+

* = unreferenced symbol
+ = symbol only referenced locally

Address        Symbol
=======        ======

Module: gb_init.obj(gb_init.ASM)
2000:00c2      FF_OPCODE_HANDLER_CORE2
2000:00a8      FF_OPCODE_HANDLER_CORE1
2000:00e8      VARIABLE_BAD_OPCODE_HANDLER
2000:00a6*     BAD_OPCODE_DETECTED
2000:00e0      VARIABLE_POINTER_TO_CORE_1
2000:00e4      VARIABLE_POINTER_TO_CORE_2
2000:0000      INIT_EMULATOR
Module: gb_core1.obj(gb_core1.ASM)
0000:0000      CORE1_START
Module: gb_core2.obj(gb_core2.ASM)
1000:0008      CORE2_START


                        +-----------------------+
                        |   Linker Statistics   |
                        +-----------------------+

Stack size:  0400 (1024.)
Memory size:  00020400 (132096.)
Entry point address: 2000:0000
Link time: 00:00.55
