Open Watcom Linker Version 2.0 beta Sep  3 2024 02:05:05 (32-bit)
Copyright (c) 2002-2024 The Open Watcom Contributors. All Rights Reserved.
Portions Copyright (c) 1985-2002 Sybase, Inc. All Rights Reserved.
Created on:       26/08/13 07:21:38
Executable Image: realgb.exe
creating a DOS executable


                        +------------+
                        |   Groups   |
                        +------------+

Group                           Address              Size
=====                           =======              ====

DGROUP                          2000:0000            00000000



                        +--------------+
                        |   Segments   |
                        +--------------+

Segment                Class          Group          Address         Size
=======                =====          =====          =======         ====

GB_INIT_TEXT           CODE           AUTO           0000:0000       00000000
GB_CORE1_TEXT          CODE           AUTO           0000:0000       00000000
CORE1                  CODE           AUTO           0000:0000       00010000
GB_CORE2_TEXT          CODE           AUTO           1000:0000       00000000
CORE2                  CODE           AUTO           1000:0000       00010000
_DATA                  DATA           DGROUP         2000:0000       00000000
CORE1                                 AUTO           2000:0000       00000000
CORE2                                 AUTO           2000:0000       00000000
INIT                                  AUTO           2000:0000       00000000
CORE2                                 AUTO           2000:0000       00000000
CORE1                                 AUTO           2000:0000       00000000
INIT                   STACK          AUTO           2000:0000       00000400


                        +----------------+
                        |   Memory Map   |
                        +----------------+

* = unreferenced symbol
+ = symbol only referenced locally

Address        Symbol
=======        ======

Module: gb_init.obj(gb_init.ASM)
2000:024c      VARIABLE_FF00_JOYPAD
2000:024f      VARIABLE_TIMA_COUNTDOWN_ACTIVE
2000:023a      VARIABLE_CYCLES_OF_LAST_TIMA_RESET
2000:023e      VARIABLE_IE_INTERRUPT_ENABLE_FFFF
2000:023f      VARIABLE_INTERRUPT_PENDING_FLAGS
2000:022c      VARIABLE_IME_FLAG
2000:024a      VARIABLE_CACHED_TIMA_TIMES_TMA
2000:024e      VARIABLE_SERIAL_COUNTDOWN_ACTIVE
2000:0252      VARIABLE_CPU_IN_HALT
2000:021a      VARIABLE_BAD_OPCODE_HANDLER
2000:021e      VARIABLE_CYCLE_COUNT
2000:023c      VARIABLE_TAC_CLOCK_SELECT_CYCLES_PER_INCREMENT
2000:0250      VARIABLE_STAT_COUNTDOWN_ACTIVE
2000:0240      VARIABLE_IF_INTERRUPT_FLAG_FF0F
2000:0238      VARIABLE_CYCLES_OF_LAST_DIV_RESET
2000:0230      VARIABLE_CYCLES_UNTIL_NEXT_INT_VBLANK
2000:0244      VARIABLE_PENDING_CX_IN_INTERRUPT
2000:0232      VARIABLE_CYCLES_UNTIL_NEXT_INT_STAT
2000:0256      TABLE_TIMER_MUL_LOOKUP
2000:0204*     BAD_OPCODE_DETECTED
2000:025e      VARIABLE_CYCLES_BEFORE_IO_READWRITE
2000:0212      VARIABLE_POINTER_TO_CORE_1
2000:0216      VARIABLE_POINTER_TO_CORE_2
2000:023d      VARIABLE_TAC_CLOCK_SELECT_CYCLES_PER_INCREMENT_MODULO
2000:0236      VARIABLE_CYCLES_UNTIL_NEXT_INT_SERIAL
2000:022e      VARIABLE_CYCLES_SINCE_LAST_HANDLER
2000:0000      INIT_EMULATOR
2000:0242      VARIABLE_CURRENT_TIMER_CONTROL_TICKS
2000:0234      VARIABLE_CYCLES_UNTIL_NEXT_INT_TIMER
2000:022a      VARIABLE_PENDING_CYCLE_COUNT
2000:0254      VARIABLE_EMULATOR_MEMORY_SEGMENT
Module: gb_core1.obj(gb_core1.ASM)
0000:0113*     END_OF_OPCODE_01
0000:000f*     END_OF_OPCODE_00
0000:07b0*     END_OF_ENABLE_TIMER
0000:028b      CORE1_START
0000:00b0*     START_OF_IO_READ_00
0000:01a4*     END_OF_RUN_INTERRUPTS
0000:004d*     DONE_RUNNING_INTERRUPTS
0000:00b5*     END_OF_IO_READ_00
0000:015a*     HANDLE_INTERRUPT_VBLANK
0000:0010      UPDATE_CYCLE_COUNTS
0000:0118*     CHECK_TO_RUN_INTERRUPTS
0000:00a0*     END_OF_INTERRUPT_EXTRACODE
0000:04c1*     END_OF_READ_FF04
0000:05cf*     END_OF_READ_FF05
0000:00d0*     START_OF_IO_WRITE_00
0000:05a9*     END_OF_WRITE_FF05
0000:0086*     END_OF_UPDATE_CYCLE_COUNTS
0000:0555*     END_OF_READ_FF05_DIV
Module: gb_core2.obj(gb_core2.ASM)
1000:000b      CORE2_START


                        +-----------------------+
                        |   Linker Statistics   |
                        +-----------------------+

Stack size:  0400 (1024.)
Memory size:  00020400 (132096.)
Entry point address: 2000:0000
Link time: 00:00.00
